
> discord-cn-finance-news@0.1.0 check
> node scripts/check.js && node --test

Syntax check passed for 27 files.
✔ builds signed CLS telegraph URL (0.801643ms)
✔ marks a circuit breaker as breaking (1.991868ms)
✔ filters generic political announcements (0.114125ms)
✔ keeps market-moving tariff policy (0.304241ms)
✔ keeps genuinely major political events (0.142299ms)
✔ keeps major public-health emergencies (0.13426ms)
✔ filters feature articles and promotional content (0.081947ms)
✖ filters irrelevant legacy Polymarket politics (0.92525ms)
✔ keeps a large Polymarket probability move (0.160631ms)
✔ keeps direct global market anomalies (0.206476ms)
✔ selects high-score items and caps each source (0.537609ms)
✔ detects a sharp 30 minute stock move (1.11073ms)
✔ ignores ordinary market noise below thresholds (0.126501ms)
✔ parses RSS items and images (2.11135ms)
✔ passes source-specific display rules into RSS items (0.762206ms)
✔ store records sent and duplicate items (1.381853ms)
✔ store marks duplicate without sent record (0.259629ms)
✔ extracts raw Responses API output text (0.86688ms)
✔ uses only the Chinese headline without API key (1.250156ms)
✔ keeps a complete headline instead of appending the article body (0.888616ms)
✔ removes links and keeps only the first sentence (0.281585ms)
✔ text helpers (1.952781ms)
ℹ tests 22
ℹ suites 0
ℹ pass 21
ℹ fail 1
ℹ cancelled 0
ℹ skipped 0
ℹ todo 0
ℹ duration_ms 299.390595

✖ failing tests:

test at tests/importance.test.js:52:1
✖ filters irrelevant legacy Polymarket politics (0.92525ms)
  AssertionError [ERR_ASSERTION]: Expected values to be strictly equal:
  + actual - expected
  
  + 'generic-politics'
  - 'irrelevant-polymarket'
  
      at TestContext.<anonymous> (file:///home/runner/work/discord-cn-finance-news/discord-cn-finance-news/tests/importance.test.js:55:10)
      at Test.runInAsyncScope (node:async_hooks:227:14)
      at Test.run (node:internal/test_runner/test:1325:25)
      at Test.processPendingSubtests (node:internal/test_runner/test:911:18)
      at Test.postRun (node:internal/test_runner/test:1465:19)
      at Test.run (node:internal/test_runner/test:1390:12)
      at async Test.processPendingSubtests (node:internal/test_runner/test:911:7) {
    generatedMessage: true,
    code: 'ERR_ASSERTION',
    actual: 'generic-politics',
    expected: 'irrelevant-polymarket',
    operator: 'strictEqual',
    diff: 'simple'
  }
